[  895017ms] [VERBOSE] [DOM] Password forms should have (optionally hidden) username fields for accessibility: (More info: https://goo.gl/9p2vKq) %o @ https://skmusic.shalomkarr.workers.dev/:0
[  895936ms] [ERROR] Access to XMLHttpRequest at 'https://googleads.g.doubleclick.net/pagead/id?slf_rd=1' (redirected from 'https://googleads.g.doubleclick.net/pagead/id') from origin 'https://www.youtube.com' has been blocked by CORS policy: No 'Access-Control-Allow-Origin' header is present on the requested resource. @ https://www.youtube.com/embed/?autoplay=1&controls=0&disablekb=1&fs=0&rel=0&modestbranding=1&iv_load_policy=3&playsinline=1&origin=https%3A%2F%2Fskmusic.shalomkarr.workers.dev&enablejsapi=1&widgetid=1&forigin=https%3A%2F%2Fskmusic.shalomkarr.workers.dev%2F&aoriginsup=1&vf=1:0
[  895936ms] [ERROR] Failed to load resource: net::ERR_FAILED @ https://googleads.g.doubleclick.net/pagead/id?slf_rd=1:0
[  896736ms] [VERBOSE] [DOM] Password forms should have (optionally hidden) username fields for accessibility: (More info: https://goo.gl/9p2vKq) %o @ https://skmusic.shalomkarr.workers.dev/:0
[  895936ms] [ERROR] Access to XMLHttpRequest at 'https://googleads.g.doubleclick.net/pagead/id?slf_rd=1' (redirected from 'https://googleads.g.doubleclick.net/pagead/id') from origin 'https://www.youtube.com' has been blocked by CORS policy: No 'Access-Control-Allow-Origin' header is present on the requested resource. @ https://www.youtube.com/embed/?autoplay=1&controls=0&disablekb=1&fs=0&rel=0&modestbranding=1&iv_load_policy=3&playsinline=1&origin=https%3A%2F%2Fskmusic.shalomkarr.workers.dev&enablejsapi=1&widgetid=1&forigin=https%3A%2F%2Fskmusic.shalomkarr.workers.dev%2F&aoriginsup=1&vf=1:0
[  895936ms] [ERROR] Failed to load resource: net::ERR_FAILED @ https://googleads.g.doubleclick.net/pagead/id?slf_rd=1:0
[  897411ms] [ERROR] Access to XMLHttpRequest at 'https://googleads.g.doubleclick.net/pagead/id?slf_rd=1' (redirected from 'https://googleads.g.doubleclick.net/pagead/id') from origin 'https://www.youtube.com' has been blocked by CORS policy: No 'Access-Control-Allow-Origin' header is present on the requested resource. @ https://www.youtube.com/embed/?autoplay=1&controls=0&disablekb=1&fs=0&rel=0&modestbranding=1&iv_load_policy=3&playsinline=1&origin=https%3A%2F%2Fskmusic.shalomkarr.workers.dev&enablejsapi=1&widgetid=1&forigin=https%3A%2F%2Fskmusic.shalomkarr.workers.dev%2F&aoriginsup=1&gporigin=https%3A%2F%2Fskmusic.shalomkarr.workers.dev%2F&vf=1:0
[  897412ms] [ERROR] Failed to load resource: net::ERR_FAILED @ https://googleads.g.doubleclick.net/pagead/id?slf_rd=1:0
[  899471ms] [WARNING] engine failed /zemer-playlists?id=acapella SyntaxError: Unexpected token '<', "<!doctype "... is not valid JSON @ https://skmusic.shalomkarr.workers.dev/:949
[  903857ms] [WARNING] engine failed /zemer-playlists?id=acapella SyntaxError: Unexpected token '<', "<!doctype "... is not valid JSON @ https://skmusic.shalomkarr.workers.dev/:949
[  903865ms] [WARNING] engine failed /zemer-playlists?id=acapella SyntaxError: Unexpected token '<', "<!doctype "... is not valid JSON @ https://skmusic.shalomkarr.workers.dev/:949
[  904098ms] [ERROR] Failed to load resource: the server responded with a status of 502 (Bad Gateway) @ https://skmusic.shalomkarr.workers.dev/zp-live?id=auto-acapella-top-50:0
[  906210ms] [VERBOSE] [DOM] Password forms should have (optionally hidden) username fields for accessibility: (More info: https://goo.gl/9p2vKq) %o @ https://skmusic.shalomkarr.workers.dev/:0
[  906654ms] [WARNING] Failed to execute 'postMessage' on 'DOMWindow': The target origin provided ('https://www.youtube.com') does not match the recipient window's origin ('https://skmusic.shalomkarr.workers.dev'). @ https://www.youtube.com/s/player/7a7969c2/www-widgetapi.vflset/www-widgetapi.js:162
[  907287ms] [WARNING] engine failed /zemer-playlists?id=acapella SyntaxError: Unexpected token '<', "<!doctype "... is not valid JSON @ https://skmusic.shalomkarr.workers.dev/:949
[  907379ms] [WARNING] engine failed /zemer-playlists?id=acapella SyntaxError: Unexpected token '<', "<!doctype "... is not valid JSON @ https://skmusic.shalomkarr.workers.dev/:949
[  907495ms] [ERROR] Failed to load resource: the server responded with a status of 502 (Bad Gateway) @ https://skmusic.shalomkarr.workers.dev/zp-live?id=auto-acapella-top-50:0
[  907497ms] [ERROR] Access to XMLHttpRequest at 'https://googleads.g.doubleclick.net/pagead/id?slf_rd=1' (redirected from 'https://googleads.g.doubleclick.net/pagead/id') from origin 'https://www.youtube.com' has been blocked by CORS policy: No 'Access-Control-Allow-Origin' header is present on the requested resource. @ https://www.youtube.com/embed/?autoplay=1&controls=0&disablekb=1&fs=0&rel=0&modestbranding=1&iv_load_policy=3&playsinline=1&origin=https%3A%2F%2Fskmusic.shalomkarr.workers.dev&enablejsapi=1&widgetid=1&forigin=https%3A%2F%2Fskmusic.shalomkarr.workers.dev%2F&aoriginsup=1&gporigin=https%3A%2F%2Fskmusic.shalomkarr.workers.dev%2F&vf=1:0
[  907498ms] [ERROR] Failed to load resource: net::ERR_FAILED @ https://googleads.g.doubleclick.net/pagead/id?slf_rd=1:0
[ 1028794ms] [ERROR] Access to XMLHttpRequest at 'https://googleads.g.doubleclick.net/pagead/id?slf_rd=1' (redirected from 'https://googleads.g.doubleclick.net/pagead/id') from origin 'https://www.youtube.com' has been blocked by CORS policy: No 'Access-Control-Allow-Origin' header is present on the requested resource. @ https://www.youtube.com/embed/?autoplay=1&controls=0&disablekb=1&fs=0&rel=0&modestbranding=1&iv_load_policy=3&playsinline=1&origin=https%3A%2F%2Fskmusic.shalomkarr.workers.dev&enablejsapi=1&widgetid=1&forigin=https%3A%2F%2Fskmusic.shalomkarr.workers.dev%2F&aoriginsup=1&gporigin=https%3A%2F%2Fskmusic.shalomkarr.workers.dev%2F&vf=1:0
[ 1028794ms] [ERROR] Failed to load resource: net::ERR_FAILED @ https://googleads.g.doubleclick.net/pagead/id?slf_rd=1:0
[ 1149724ms] [ERROR] Access to XMLHttpRequest at 'https://googleads.g.doubleclick.net/pagead/id?slf_rd=1' (redirected from 'https://googleads.g.doubleclick.net/pagead/id') from origin 'https://www.youtube.com' has been blocked by CORS policy: No 'Access-Control-Allow-Origin' header is present on the requested resource. @ https://www.youtube.com/embed/?autoplay=1&controls=0&disablekb=1&fs=0&rel=0&modestbranding=1&iv_load_policy=3&playsinline=1&origin=https%3A%2F%2Fskmusic.shalomkarr.workers.dev&enablejsapi=1&widgetid=1&forigin=https%3A%2F%2Fskmusic.shalomkarr.workers.dev%2F&aoriginsup=1&gporigin=https%3A%2F%2Fskmusic.shalomkarr.workers.dev%2F&vf=1:0
[ 1149724ms] [ERROR] Failed to load resource: net::ERR_FAILED @ https://googleads.g.doubleclick.net/pagead/id?slf_rd=1:0
